// Jest Snapshot v1, https://goo.gl/fbAQLP

exports[`renders with default props 1`] = `<div />`;
