// Jest Snapshot v1, https://goo.gl/fbAQLP

exports[`renders the app with default props 1`] = `<div />`;
